error: redundant clone
  --> $DIR/redundant_clone.rs:11:42
   |
LL |     let _s = ["lorem", "ipsum"].join(" ").to_string();
   |                                          ^^^^^^^^^^^^ help: remove this
   |
note: this value is dropped without further use
  --> $DIR/redundant_clone.rs:11:14
   |
LL |     let _s = ["lorem", "ipsum"].join(" ").to_string();
   |              ^^^^^^^^^^^^^^^^^^^^^^^^^^^^
   = note: `-D clippy::redundant-clone` implied by `-D warnings`

error: redundant clone
  --> $DIR/redundant_clone.rs:14:15
   |
LL |     let _s = s.clone();
   |               ^^^^^^^^ help: remove this
   |
note: this value is dropped without further use
  --> $DIR/redundant_clone.rs:14:14
   |
LL |     let _s = s.clone();
   |              ^

error: redundant clone
  --> $DIR/redundant_clone.rs:17:15
   |
LL |     let _s = s.to_string();
   |               ^^^^^^^^^^^^ help: remove this
   |
note: this value is dropped without further use
  --> $DIR/redundant_clone.rs:17:14
   |
LL |     let _s = s.to_string();
   |              ^

error: redundant clone
  --> $DIR/redundant_clone.rs:20:15
   |
LL |     let _s = s.to_owned();
   |               ^^^^^^^^^^^ help: remove this
   |
note: this value is dropped without further use
  --> $DIR/redundant_clone.rs:20:14
   |
LL |     let _s = s.to_owned();
   |              ^

error: redundant clone
  --> $DIR/redundant_clone.rs:22:42
   |
LL |     let _s = Path::new("/a/b/").join("c").to_owned();
   |                                          ^^^^^^^^^^^ help: remove this
   |
note: this value is dropped without further use
  --> $DIR/redundant_clone.rs:22:14
   |
LL |     let _s = Path::new("/a/b/").join("c").to_owned();
   |              ^^^^^^^^^^^^^^^^^^^^^^^^^^^^

error: redundant clone
  --> $DIR/redundant_clone.rs:24:42
   |
LL |     let _s = Path::new("/a/b/").join("c").to_path_buf();
   |                                          ^^^^^^^^^^^^^^ help: remove this
   |
note: this value is dropped without further use
  --> $DIR/redundant_clone.rs:24:14
   |
LL |     let _s = Path::new("/a/b/").join("c").to_path_buf();
   |              ^^^^^^^^^^^^^^^^^^^^^^^^^^^^

error: redundant clone
  --> $DIR/redundant_clone.rs:26:29
   |
LL |     let _s = OsString::new().to_owned();
   |                             ^^^^^^^^^^^ help: remove this
   |
note: this value is dropped without further use
  --> $DIR/redundant_clone.rs:26:14
   |
LL |     let _s = OsString::new().to_owned();
   |              ^^^^^^^^^^^^^^^

error: redundant clone
  --> $DIR/redundant_clone.rs:28:29
   |
LL |     let _s = OsString::new().to_os_string();
   |                             ^^^^^^^^^^^^^^^ help: remove this
   |
note: this value is dropped without further use
  --> $DIR/redundant_clone.rs:28:14
   |
LL |     let _s = OsString::new().to_os_string();
   |              ^^^^^^^^^^^^^^^

error: redundant clone
  --> $DIR/redundant_clone.rs:39:19
   |
LL |     let _t = tup.0.clone();
   |                   ^^^^^^^^ help: remove this
   |
note: this value is dropped without further use
  --> $DIR/redundant_clone.rs:39:14
   |
LL |     let _t = tup.0.clone();
   |              ^^^^^

error: redundant clone
  --> $DIR/redundant_clone.rs:74:25
   |
LL |     if b { (a.clone(), a.clone()) } else { (Alpha, a) }
   |                         ^^^^^^^^ help: remove this
   |
note: this value is dropped without further use
  --> $DIR/redundant_clone.rs:74:24
   |
LL |     if b { (a.clone(), a.clone()) } else { (Alpha, a) }
   |                        ^

error: redundant clone
  --> $DIR/redundant_clone.rs:131:15
   |
LL |     let _s = s.clone();
   |               ^^^^^^^^ help: remove this
   |
note: this value is dropped without further use
  --> $DIR/redundant_clone.rs:131:14
   |
LL |     let _s = s.clone();
   |              ^

error: redundant clone
  --> $DIR/redundant_clone.rs:132:15
   |
LL |     let _t = t.clone();
   |               ^^^^^^^^ help: remove this
   |
note: this value is dropped without further use
  --> $DIR/redundant_clone.rs:132:14
   |
LL |     let _t = t.clone();
   |              ^

error: redundant clone
  --> $DIR/redundant_clone.rs:142:19
   |
LL |         let _f = f.clone();
   |                   ^^^^^^^^ help: remove this
   |
note: this value is dropped without further use
  --> $DIR/redundant_clone.rs:142:18
   |
LL |         let _f = f.clone();
   |                  ^

error: redundant clone
  --> $DIR/redundant_clone.rs:154:14
   |
LL |     let y = x.clone().join("matthias");
   |              ^^^^^^^^ help: remove this
   |
note: cloned value is neither consumed nor mutated
  --> $DIR/redundant_clone.rs:154:13
   |
LL |     let y = x.clone().join("matthias");
   |             ^^^^^^^^^

error: redundant clone
  --> $DIR/redundant_clone.rs:208:11
   |
LL |     foo(&x.clone(), move || {
   |           ^^^^^^^^ help: remove this
   |
note: this value is dropped without further use
  --> $DIR/redundant_clone.rs:208:10
   |
LL |     foo(&x.clone(), move || {
   |          ^

error: aborting due to 15 previous errors

